// Jest Snapshot v1, https://goo.gl/fbAQLP

exports[`renders a text box and button 1`] = `
<form
  className="AddCounter"
  onSubmit={[Function]}
>
  <input
    className="AddCounter-title"
    onChange={[Function]}
    type="text"
    value=""
  />
  <input
    className="AddCounter-button"
    disabled={true}
    type="submit"
    value="Add Counter"
  />
</form>
`;
